{
    "id": "OLAK5uy_n0x1TMX8DL2eli2g_LysCSg-6Nq5YQa1g",
    "title": "Revival",
    "owned": false,
    "trackCount": 19
}
