{
    "id": "PLaZPMsuQNCsWn0iVMtGbaUXO6z-EdZaZm",
    "title": "03 Jan 12:09",
    "owned": true,
    "trackCount": 245,
    "year": "2024",
    "description": "Created by Playlist Generator Bot, @spotify_youtube_playlist_bot",
    "duration": "5+ hours"
}
