{
    "id": "RDCLAK5uy_lWy02cQBnTVTlwuRauaGKeUDH3L6PXNxI",
    "title": "Feel-Good Classic Rock",
    "owned": false,
    "trackCount": 101,
    "year": "2024",
    "description": "Hold on to the feeling.\n#essentials #rock #happy",
    "duration": "6+ hours"
}
