{
    "id": "PLEUijtLfpCOgI8LNOwiwvq0EJ8HAGj7dT",
    "title": "Example_collaborative_playlist",
    "owned": true,
    "trackCount": 4,
    "year": "2024",
    "description": "Example playlist with collaboration",
    "duration": "11 minutes, 15 seconds"
}
