{
    "id": "PLxyTaDz8f5PBc-8kE36gvB-eflhODG2dw",
    "title": "collaborative",
    "owned": false,
    "trackCount": 2,
    "year": "2025",
    "description": "a description",
    "duration": "7 minutes, 8 seconds",
    "duration_seconds": 428,
    "collaborators": {
        "text": "YTMUser",
        "avatars": [
            {
                "url": "https://yt3.ggpht.com/ytc/AIdro_lgsxTqWR4D57OIGdrrGUBLG_boEP-fXwICO2n_JCUOnT6p4GWElgZ5CPwizcabKBmDvw=s48-c-k-c0x00000000-no-cc-rj-rp"
            }
        ]
    }
}
